// Jest Snapshot v1, https://goo.gl/fbAQLP

exports[`VariablesApi deleteVariable() 1: Delete existing variable: esv-frodo-test-variable3 - success 1`] = `
{
  "_id": "esv-frodo-test-variable3",
  "description": "Frodo Test Variable Three Description",
  "expressionType": "string",
  "lastChangeDate": "2023-08-04T15:05:06.822Z",
  "lastChangedBy": "b672336b-41ef-428d-ae4a-e0c082875377",
  "loaded": false,
  "valueBase64": "RnJvZG8gVGVzdCBWYXJpYWJsZSBUaHJlZSBWYWx1ZQ==",
}
`;

exports[`VariablesApi deleteVariable() 2: Delete non-existing variable: esv-does-not-exist - error 1`] = `
{
  "code": 404,
  "message": "The variable does not exist",
}
`;

exports[`VariablesApi getVariable() 1: Get existing variable: esv-frodo-test-variable1 1`] = `
{
  "_id": "esv-frodo-test-variable1",
  "description": "Frodo Test Variable One Description",
  "expressionType": "string",
  "lastChangeDate": "2023-08-04T15:05:03.714Z",
  "lastChangedBy": "b672336b-41ef-428d-ae4a-e0c082875377",
  "loaded": false,
  "valueBase64": "RnJvZG8gVGVzdCBWYXJpYWJsZSBPbmUgVmFsdWU=",
}
`;

exports[`VariablesApi getVariable() 2: Get non-existing variable: esv-does-not-exist 1`] = `
{
  "code": 404,
  "message": "The variable does not exist",
}
`;

exports[`VariablesApi getVariables() 1: Get all variables - success 1`] = `
{
  "pagedResultsCookie": null,
  "remainingPagedResults": -1,
  "result": [
    {
      "_id": "esv-blue-piller",
      "description": "Zion membership criteria.",
      "expressionType": "bool",
      "lastChangeDate": "2023-07-18T22:21:38.640Z",
      "lastChangedBy": "b672336b-41ef-428d-ae4a-e0c082875377",
      "loaded": true,
      "valueBase64": "ZmFsc2U=",
    },
    {
      "_id": "esv-frodo-test-variable1",
      "description": "Frodo Test Variable One Description",
      "expressionType": "string",
      "lastChangeDate": "2023-08-04T15:05:03.714Z",
      "lastChangedBy": "b672336b-41ef-428d-ae4a-e0c082875377",
      "loaded": false,
      "valueBase64": "RnJvZG8gVGVzdCBWYXJpYWJsZSBPbmUgVmFsdWU=",
    },
    {
      "_id": "esv-frodo-test-variable2",
      "description": "Frodo Test Variable Two Description",
      "expressionType": "string",
      "lastChangeDate": "2023-08-04T15:05:05.369Z",
      "lastChangedBy": "b672336b-41ef-428d-ae4a-e0c082875377",
      "loaded": false,
      "valueBase64": "RnJvZG8gVGVzdCBWYXJpYWJsZSBUd28gVmFsdWU=",
    },
    {
      "_id": "esv-frodo-test-variable3",
      "description": "Frodo Test Variable Three Description",
      "expressionType": "string",
      "lastChangeDate": "2023-08-04T15:05:06.822Z",
      "lastChangedBy": "b672336b-41ef-428d-ae4a-e0c082875377",
      "loaded": false,
      "valueBase64": "RnJvZG8gVGVzdCBWYXJpYWJsZSBUaHJlZSBWYWx1ZQ==",
    },
    {
      "_id": "esv-ipv4-cidr-access-rules",
      "description": "IPv4 CIDR access rules:
{
  "allow": [
    "address/mask"
  ]
}",
      "expressionType": "",
      "lastChangeDate": "2022-08-25T22:54:28.551Z",
      "lastChangedBy": "8efaa5b6-8c98-4489-9b21-ee41f5589ab7",
      "loaded": true,
      "valueBase64": "eyAgImFsbG93IjogWyAgICAiMTUwLjEyOC4wLjAvMTYiLCAgICAiMTM5LjM1LjAuMC8xNiIsICAgICIxMDEuMjE2LjAuMC8xNiIsICAgICI5OS43Mi4yOC4xODIvMzIiICBdfQ==",
    },
    {
      "_id": "esv-nebuchadnezzar-crew",
      "description": "The crew of the Nebuchadnezzar hovercraft.",
      "expressionType": "array",
      "lastChangeDate": "2023-07-18T21:59:58.974Z",
      "lastChangedBy": "b672336b-41ef-428d-ae4a-e0c082875377",
      "loaded": true,
      "valueBase64": "WyJNb3JwaGV1cyIsIlRyaW5pdHkiLCJMaW5rIiwiVGFuayIsIkRvemVyIiwiQXBvYyIsIkN5cGhlciIsIk1vdXNlIiwiTmVvIiwiU3dpdGNoIl0=",
    },
    {
      "_id": "esv-nebuchadnezzar-crew-structure",
      "description": "The structure of the crew of the Nebuchadnezzar hovercraft.",
      "expressionType": "object",
      "lastChangeDate": "2023-07-18T22:09:54.630Z",
      "lastChangedBy": "b672336b-41ef-428d-ae4a-e0c082875377",
      "loaded": true,
      "valueBase64": "eyJDYXB0YWluIjoiTW9ycGhldXMiLCJGaXJzdE1hdGUiOiJUcmluaXR5IiwiT3BlcmF0b3IiOlsiTGluayIsIlRhbmsiXSwiTWVkaWMiOiJEb3plciIsIkNyZXdtZW4iOlsiQXBvYyIsIkN5cGhlciIsIk1vdXNlIiwiTmVvIiwiU3dpdGNoIl19",
    },
    {
      "_id": "esv-neo-age",
      "description": "Neo's age in the matrix.",
      "expressionType": "int",
      "lastChangeDate": "2023-07-18T22:21:23.578Z",
      "lastChangedBy": "b672336b-41ef-428d-ae4a-e0c082875377",
      "loaded": true,
      "valueBase64": "Mjg=",
    },
    {
      "_id": "esv-test-var",
      "description": "this is a test description",
      "expressionType": "",
      "lastChangeDate": "2022-09-02T04:23:56.075Z",
      "lastChangedBy": "8efaa5b6-8c98-4489-9b21-ee41f5589ab7",
      "loaded": true,
      "valueBase64": "dGhpcyBpcyBhIHRlc3QgdmFyaWFibGU=",
    },
    {
      "_id": "esv-test-var-2",
      "description": "A temporary test variable",
      "expressionType": "string",
      "lastChangeDate": "2023-08-02T21:09:01.847Z",
      "lastChangedBy": "b672336b-41ef-428d-ae4a-e0c082875377",
      "loaded": true,
      "valueBase64": "dGVzdHZhbA==",
    },
    {
      "_id": "esv-trinity-phone",
      "description": "In the opening of The Matrix (1999), the phone number Trinity is calling from is traced to (312)-555-0690",
      "expressionType": "string",
      "lastChangeDate": "2023-07-18T20:33:28.922Z",
      "lastChangedBy": "b672336b-41ef-428d-ae4a-e0c082875377",
      "loaded": true,
      "valueBase64": "KDMxMiktNTU1LTA2OTA=",
    },
    {
      "_id": "esv-volkerstestvariable1",
      "description": "variable created for api testing",
      "expressionType": "",
      "lastChangeDate": "2022-11-30T00:13:52.478Z",
      "lastChangedBy": "10ecab02-f357-4522-bc17-dfcc64744064",
      "loaded": true,
      "valueBase64": "Zm9yIGplc3Q=",
    },
  ],
  "resultCount": 12,
  "totalPagedResults": -1,
  "totalPagedResultsPolicy": "NONE",
}
`;

exports[`VariablesApi putVariable() 2: Create new variable: esv-frodo-test-variable4 - success 1`] = `
{
  "_id": "esv-frodo-test-variable4",
  "description": "Frodo Test Variable Four Description",
  "expressionType": "string",
  "lastChangeDate": "2023-08-04T15:05:11.818Z",
  "lastChangedBy": "b672336b-41ef-428d-ae4a-e0c082875377",
  "loaded": false,
  "valueBase64": "RnJvZG8gVGVzdCBWYXJpYWJsZSBGb3VyIFZhbHVl",
}
`;

exports[`VariablesApi setVariableDescription() 1: Set existing variable's description: esv-frodo-test-variable2 - success 1`] = `""`;

exports[`VariablesApi setVariableDescription() 2: Set non-existing variable's description: esv-does-not-exist - error 1`] = `
{
  "code": 404,
  "message": "The variable does not exist",
}
`;
