// Jest Snapshot v1, https://goo.gl/fbAQLP

exports[`VariablesOps createVariablesExportTemplate() 1: Return template with meta data 1`] = `
{
  "meta": {
    "exportDate": Any<String>,
    "exportTool": "frodo",
    "exportToolVersion": "v2.0.0-trivir.0 [v18.12.1]",
    "exportedBy": undefined,
    "origin": "https://openam-frodo-dev.forgeblocks.com/am",
    "originAmVersion": undefined,
  },
  "variables": {},
}
`;

exports[`VariablesOps exportVariable() 1: Export variable1 1`] = `
{
  "meta": Any<Object>,
  "variables": {
    "esv-frodo-test-variable-1": {
      "_id": "esv-frodo-test-variable-1",
      "description": "description1",
      "expressionType": "string",
      "lastChangeDate": "2023-08-04T15:01:35.912Z",
      "lastChangedBy": "b672336b-41ef-428d-ae4a-e0c082875377",
      "loaded": false,
      "value": "value1",
    },
  },
}
`;

exports[`VariablesOps exportVariable() 2: Export variable2 1`] = `
{
  "meta": Any<Object>,
  "variables": {
    "esv-frodo-test-variable-2": {
      "_id": "esv-frodo-test-variable-2",
      "description": "description2",
      "expressionType": "int",
      "lastChangeDate": "2023-08-04T15:01:39.867Z",
      "lastChangedBy": "b672336b-41ef-428d-ae4a-e0c082875377",
      "loaded": false,
      "value": "42",
    },
  },
}
`;

exports[`VariablesOps exportVariables() 1: Export all variables 1`] = `
{
  "meta": Any<Object>,
  "variables": {
    "esv-blue-piller": {
      "_id": "esv-blue-piller",
      "description": "Zion membership criteria.",
      "expressionType": "bool",
      "lastChangeDate": "2023-07-18T22:21:38.640Z",
      "lastChangedBy": "b672336b-41ef-428d-ae4a-e0c082875377",
      "loaded": true,
      "value": "false",
    },
    "esv-frodo-test-variable-1": {
      "_id": "esv-frodo-test-variable-1",
      "description": "description1",
      "expressionType": "string",
      "lastChangeDate": "2023-08-04T15:01:35.912Z",
      "lastChangedBy": "b672336b-41ef-428d-ae4a-e0c082875377",
      "loaded": false,
      "value": "value1",
    },
    "esv-frodo-test-variable-2": {
      "_id": "esv-frodo-test-variable-2",
      "description": "description2",
      "expressionType": "int",
      "lastChangeDate": "2023-08-04T15:01:39.867Z",
      "lastChangedBy": "b672336b-41ef-428d-ae4a-e0c082875377",
      "loaded": false,
      "value": "42",
    },
    "esv-ipv4-cidr-access-rules": {
      "_id": "esv-ipv4-cidr-access-rules",
      "description": "IPv4 CIDR access rules:
{
  "allow": [
    "address/mask"
  ]
}",
      "expressionType": "",
      "lastChangeDate": "2022-08-25T22:54:28.551Z",
      "lastChangedBy": "8efaa5b6-8c98-4489-9b21-ee41f5589ab7",
      "loaded": true,
      "value": "{  "allow": [    "150.128.0.0/16",    "139.35.0.0/16",    "101.216.0.0/16",    "99.72.28.182/32"  ]}",
    },
    "esv-nebuchadnezzar-crew": {
      "_id": "esv-nebuchadnezzar-crew",
      "description": "The crew of the Nebuchadnezzar hovercraft.",
      "expressionType": "array",
      "lastChangeDate": "2023-07-18T21:59:58.974Z",
      "lastChangedBy": "b672336b-41ef-428d-ae4a-e0c082875377",
      "loaded": true,
      "value": "["Morpheus","Trinity","Link","Tank","Dozer","Apoc","Cypher","Mouse","Neo","Switch"]",
    },
    "esv-nebuchadnezzar-crew-structure": {
      "_id": "esv-nebuchadnezzar-crew-structure",
      "description": "The structure of the crew of the Nebuchadnezzar hovercraft.",
      "expressionType": "object",
      "lastChangeDate": "2023-07-18T22:09:54.630Z",
      "lastChangedBy": "b672336b-41ef-428d-ae4a-e0c082875377",
      "loaded": true,
      "value": "{"Captain":"Morpheus","FirstMate":"Trinity","Operator":["Link","Tank"],"Medic":"Dozer","Crewmen":["Apoc","Cypher","Mouse","Neo","Switch"]}",
    },
    "esv-neo-age": {
      "_id": "esv-neo-age",
      "description": "Neo's age in the matrix.",
      "expressionType": "int",
      "lastChangeDate": "2023-07-18T22:21:23.578Z",
      "lastChangedBy": "b672336b-41ef-428d-ae4a-e0c082875377",
      "loaded": true,
      "value": "28",
    },
    "esv-test-var": {
      "_id": "esv-test-var",
      "description": "this is a test description",
      "expressionType": "",
      "lastChangeDate": "2022-09-02T04:23:56.075Z",
      "lastChangedBy": "8efaa5b6-8c98-4489-9b21-ee41f5589ab7",
      "loaded": true,
      "value": "this is a test variable",
    },
    "esv-test-var-2": {
      "_id": "esv-test-var-2",
      "description": "A temporary test variable",
      "expressionType": "string",
      "lastChangeDate": "2023-08-02T21:09:01.847Z",
      "lastChangedBy": "b672336b-41ef-428d-ae4a-e0c082875377",
      "loaded": true,
      "value": "testval",
    },
    "esv-trinity-phone": {
      "_id": "esv-trinity-phone",
      "description": "In the opening of The Matrix (1999), the phone number Trinity is calling from is traced to (312)-555-0690",
      "expressionType": "string",
      "lastChangeDate": "2023-07-18T20:33:28.922Z",
      "lastChangedBy": "b672336b-41ef-428d-ae4a-e0c082875377",
      "loaded": true,
      "value": "(312)-555-0690",
    },
    "esv-volkerstestvariable1": {
      "_id": "esv-volkerstestvariable1",
      "description": "variable created for api testing",
      "expressionType": "",
      "lastChangeDate": "2022-11-30T00:13:52.478Z",
      "lastChangedBy": "10ecab02-f357-4522-bc17-dfcc64744064",
      "loaded": true,
      "value": "for jest",
    },
  },
}
`;
